00:22:05 | INFO     | ====================
00:22:05 | INFO     | Inicio: SCRAPPING BANCOS PERÚ
00:22:05 | INFO     | ====================
00:22:05 | INFO     | 1. OBTENIENDO CAPA RAW Y SILVER
00:22:05 | INFO     | =======================================================
00:22:05 | INFO     | PIPELINE: EXTRACCIÓN DE TC
00:22:05 | INFO     | BANCO   : BBVA
00:22:05 | INFO     | URL     : https://www.bbva.pe/personas/productos/tarjetas.html
00:22:05 | INFO     | =======================================================
00:22:05 | INFO     | User-Agent seleccionado: Mozilla/5.0 (Macintosh; Intel Mac OS X 10_15_7) Version/17.0 Safari/605.1.15
00:22:12 | INFO     | Inicio: https://www.bbva.pe/personas/productos/tarjetas.html
00:22:13 | INFO     | Cookies aceptadas
00:22:13 | INFO     | Link capturado: https://www.bbva.pe/personas/productos/tarjetas/credito/visa-cero.html
00:22:13 | INFO     | Link capturado: https://www.bbva.pe/personas/productos/tarjetas/credito/visa-bfree-puntos-vida.html
00:22:13 | INFO     | Link capturado: https://www.bbva.pe/personas/productos/tarjetas/credito/visa-bfree-puntos-vida.html
00:22:13 | INFO     | Link capturado: https://www.bbva.pe/personas/productos/tarjetas/credito/visa-cero.html
00:22:13 | INFO     | Link capturado: https://www.bbva.pe/personas/productos/tarjetas/credito/tarjeta-platinum.html
00:22:13 | INFO     | Link capturado: https://www.bbva.pe/personas/productos/tarjetas/credito/visa-signature-puntos-vida.html
00:22:13 | INFO     | Link capturado: https://www.bbva.pe/personas/productos/tarjetas/credito/visa-infinite-puntos.html
00:22:13 | INFO     | Link capturado: https://www.bbva.pe/personas/productos/tarjetas/credito/mastercard-bfree-puntos-vida.html
00:22:13 | INFO     | Link capturado: https://www.bbva.pe/personas/productos/tarjetas/credito/tarjeta-platinum.html
00:22:13 | INFO     | Link capturado: https://www.bbva.pe/personas/productos/tarjetas/credito/mastercard-black-puntos-vida.html
00:22:14 | INFO     | Procesando [1/7]: visa-signature-puntos-vida.html
00:22:23 | INFO     | Procesando [2/7]: visa-bfree-puntos-vida.html
00:22:30 | INFO     | Procesando [3/7]: visa-infinite-puntos.html
00:22:38 | INFO     | Procesando [4/7]: tarjeta-platinum.html
00:22:47 | INFO     | Procesando [5/7]: mastercard-bfree-puntos-vida.html
00:22:56 | INFO     | Procesando [6/7]: visa-cero.html
00:23:02 | INFO     | Procesando [7/7]: mastercard-black-puntos-vida.html
00:23:09 | INFO     | Tiempo total   : 64.1s
00:23:09 | INFO     | Paginas OK     : 7
00:23:09 | INFO     | Paginas error  : 0
00:23:10 | INFO     | Validación OK: 7 filas, 14 columnas confirmadas.
00:23:10 | INFO     | Estado de validación: OK
00:23:10 | INFO     | Se extrajeron correctamente los datos de BBVA
00:23:14 | INFO     | Driver cerrado
00:23:14 | INFO     | Archivo guardado: ./output/tarjetas_bbva_2026-08-02.parquet
00:23:14 | INFO     | Archivo guardado: ./output/tarjetas_bbva_2026-08-02.xlsx
00:23:14 | INFO     | ============================================================
00:23:14 | INFO     | INICIANDO EXTRACCIÓN - Catalogo BCP
00:23:14 | INFO     | ============================================================
00:23:14 | INFO     | Se procesarán 11 tarjetas...
00:23:14 | INFO     | Procesando [1/11]: tarjeta-io-1
00:23:15 | DEBUG    | OK descargado: https://comparabien.com.pe/producto/tarjetas-credito/tarjeta...
00:23:15 | DEBUG    | Extracción exitosa: Tarjeta iO
00:23:17 | DEBUG    | Pausa de 2.33s completada.
00:23:17 | INFO     | Procesando [2/11]: bcp-american-express-black-bcp-latam-pass
00:23:18 | DEBUG    | OK descargado: https://comparabien.com.pe/producto/tarjetas-credito/bcp-ame...
00:23:18 | DEBUG    | Extracción exitosa: American Express Black LATAM Pass
00:23:20 | DEBUG    | Pausa de 2.17s completada.
00:23:20 | INFO     | Procesando [3/11]: bcp-visa-latam-pass-signature
00:23:21 | DEBUG    | OK descargado: https://comparabien.com.pe/producto/tarjetas-credito/bcp-vis...
00:23:21 | DEBUG    | Extracción exitosa: VISA Signature  LATAM Pass
00:23:24 | DEBUG    | Pausa de 2.63s completada.
00:23:24 | INFO     | Procesando [4/11]: bcp-american-express-latam-pass-platinum
00:23:24 | DEBUG    | OK descargado: https://comparabien.com.pe/producto/tarjetas-credito/bcp-ame...
00:23:24 | DEBUG    | Extracción exitosa: American Express Platinum BCP LATAM Pass
00:23:28 | DEBUG    | Pausa de 3.48s completada.
00:23:28 | INFO     | Procesando [5/11]: bcp-visa-latam-pass-platinum
00:23:29 | DEBUG    | OK descargado: https://comparabien.com.pe/producto/tarjetas-credito/bcp-vis...
00:23:29 | DEBUG    | Extracción exitosa: VISA Platinum  LATAM Pass
00:23:30 | DEBUG    | Pausa de 1.78s completada.
00:23:30 | INFO     | Procesando [6/11]: bcp-american-express-latam-pass-gold
00:23:31 | DEBUG    | OK descargado: https://comparabien.com.pe/producto/tarjetas-credito/bcp-ame...
00:23:31 | DEBUG    | Extracción exitosa: American Express Oro BCP LATAM Pass
00:23:33 | DEBUG    | Pausa de 2.37s completada.
00:23:33 | INFO     | Procesando [7/11]: bcp-visa-latam-pass-oro
00:23:34 | DEBUG    | OK descargado: https://comparabien.com.pe/producto/tarjetas-credito/bcp-vis...
00:23:34 | DEBUG    | Extracción exitosa: VISA Oro  LATAM Pass
00:23:37 | DEBUG    | Pausa de 3.41s completada.
00:23:37 | INFO     | Procesando [8/11]: bcp-american-express-latam-pass-clasica
00:23:38 | DEBUG    | OK descargado: https://comparabien.com.pe/producto/tarjetas-credito/bcp-ame...
00:23:38 | DEBUG    | Extracción exitosa: American Express Clásica BCP LATAM Pass
00:23:41 | DEBUG    | Pausa de 2.95s completada.
00:23:41 | INFO     | Procesando [9/11]: bcp-visa-light
00:23:42 | DEBUG    | OK descargado: https://comparabien.com.pe/producto/tarjetas-credito/bcp-vis...
00:23:42 | DEBUG    | Extracción exitosa: VISA Light
00:23:44 | DEBUG    | Pausa de 1.82s completada.
00:23:44 | INFO     | Procesando [10/11]: bcp-visa-clasica
00:23:44 | DEBUG    | OK descargado: https://comparabien.com.pe/producto/tarjetas-credito/bcp-vis...
00:23:44 | DEBUG    | Extracción exitosa: VISA Clasica
00:23:47 | DEBUG    | Pausa de 2.78s completada.
00:23:47 | INFO     | Procesando [11/11]: bcp-visa-latam-pass-clasica
00:23:48 | DEBUG    | OK descargado: https://comparabien.com.pe/producto/tarjetas-credito/bcp-vis...
00:23:48 | DEBUG    | Extracción exitosa: VISA Clásica  LATAM Pass
00:23:48 | INFO     | ✓ Validación OK: 11 filas, 14 columnas confirmadas.
00:23:48 | INFO     | ============================================================
00:23:48 | INFO     | PROCESO COMPLETADO
00:23:48 | INFO     | Tarjetas extraídas  : 11
00:23:48 | INFO     | Estado Validación   : ✓ OK
00:23:48 | INFO     | Tiempo Total        : 33.2s
00:23:48 | INFO     | ============================================================
00:23:48 | INFO     | Archivo guardado: ./output/tarjetas_bcp_2026-08-02.parquet
00:23:48 | INFO     | Archivo guardado: ./output/tarjetas_bcp_2026-08-02.xlsx
00:24:47 | INFO     | Archivo guardado: ./output/tarjetas_scotiabank_2026-08-02.parquet
00:24:47 | INFO     | Archivo guardado: ./output/tarjetas_scotiabank_2026-08-02.xlsx
00:24:55 | INFO     | Archivo guardado: ./output/tarjetas_banbif_2026-08-02.parquet
00:24:55 | INFO     | Archivo guardado: ./output/tarjetas_banbif_2026-08-02.xlsx
00:25:01 | INFO     | Archivo guardado: ./output/tarjetas_ibk_2026-08-02.parquet
00:25:01 | INFO     | Archivo guardado: ./output/tarjetas_ibk_2026-08-02.xlsx
00:25:01 | INFO     | 2. UNIFICANDO INFORMACIÓN EN LA CAPA GOLD (esquema armonizado)
00:25:01 | INFO     | ✔ Validación GOLD OK: esquema completo y armonizado.
00:25:01 | INFO     | Validación Pandera (capa gold cruda): OK
00:25:01 | ERROR    | Ocurrió un error ("Could not convert 'No aplica' with type str: tried to convert to int64", 'Conversion failed for column requisito_exoneracion_membresia with type object')
Traceback (most recent call last):
  File "c:\Users\gabyb\OneDrive\Documents\ARQUITECTURA DE BASE DE DATOS\IV CICLO\Segundo Modulo\Lenguaje de ciencia de Datos II\PROYECTO_ver.01\etl_extraccion_informacion_financiera.py", line 83, in <module>
    storage.save(df_gold, {
    ~~~~~~~~~~~~^^^^^^^^^^^
        "parquet": RUTAS["ruta_gold"],
        ^^^^^^^^^^^^^^^^^^^^^^^^^^^^^^
        "excel": RUTAS["ruta_gold_excel"]
        ^^^^^^^^^^^^^^^^^^^^^^^^^^^^^^^^^
    })
    ^^
  File "c:\Users\gabyb\OneDrive\Documents\ARQUITECTURA DE BASE DE DATOS\IV CICLO\Segundo Modulo\Lenguaje de ciencia de Datos II\PROYECTO_ver.01\utils\storage.py", line 21, in save
    df.to_parquet(ruta, index=False, compression="snappy")
    ~~~~~~~~~~~~~^^^^^^^^^^^^^^^^^^^^^^^^^^^^^^^^^^^^^^^^^
  File "C:\Users\gabyb\OneDrive\Documents\ARQUITECTURA DE BASE DE DATOS\IV CICLO\Segundo Modulo\Lenguaje de ciencia de Datos II\PROYECTO_ver.01\.venv\Lib\site-packages\pandas\core\frame.py", line 3135, in to_parquet
    return to_parquet(
        self,
    ...<7 lines>...
        **kwargs,
    )
  File "C:\Users\gabyb\OneDrive\Documents\ARQUITECTURA DE BASE DE DATOS\IV CICLO\Segundo Modulo\Lenguaje de ciencia de Datos II\PROYECTO_ver.01\.venv\Lib\site-packages\pandas\io\parquet.py", line 490, in to_parquet
    impl.write(
    ~~~~~~~~~~^
        df,
        ^^^
    ...<6 lines>...
        **kwargs,
        ^^^^^^^^^
    )
    ^
  File "C:\Users\gabyb\OneDrive\Documents\ARQUITECTURA DE BASE DE DATOS\IV CICLO\Segundo Modulo\Lenguaje de ciencia de Datos II\PROYECTO_ver.01\.venv\Lib\site-packages\pandas\io\parquet.py", line 191, in write
    table = self.api.Table.from_pandas(df, **from_pandas_kwargs)
  File "pyarrow/table.pxi", line 4769, in pyarrow.lib.Table.from_pandas
  File "C:\Users\gabyb\OneDrive\Documents\ARQUITECTURA DE BASE DE DATOS\IV CICLO\Segundo Modulo\Lenguaje de ciencia de Datos II\PROYECTO_ver.01\.venv\Lib\site-packages\pyarrow\pandas_compat.py", line 656, in dataframe_to_arrays
    arrays = [convert_column(c, f)
              ~~~~~~~~~~~~~~^^^^^^
  File "C:\Users\gabyb\OneDrive\Documents\ARQUITECTURA DE BASE DE DATOS\IV CICLO\Segundo Modulo\Lenguaje de ciencia de Datos II\PROYECTO_ver.01\.venv\Lib\site-packages\pyarrow\pandas_compat.py", line 644, in convert_column
    raise e
  File "C:\Users\gabyb\OneDrive\Documents\ARQUITECTURA DE BASE DE DATOS\IV CICLO\Segundo Modulo\Lenguaje de ciencia de Datos II\PROYECTO_ver.01\.venv\Lib\site-packages\pyarrow\pandas_compat.py", line 638, in convert_column
    result = pa.array(col, type=type_, from_pandas=True, safe=safe)
  File "pyarrow/array.pxi", line 408, in pyarrow.lib.array
  File "pyarrow/array.pxi", line 91, in pyarrow.lib._ndarray_to_array
  File "pyarrow/error.pxi", line 92, in pyarrow.lib.check_status
pyarrow.lib.ArrowInvalid: ("Could not convert 'No aplica' with type str: tried to convert to int64", 'Conversion failed for column requisito_exoneracion_membresia with type object')
00:25:01 | INFO     | SE COMPLETÓ EL PROCESO CORRECTAMENTE
