00:29:52 | INFO     | ====================
00:29:52 | INFO     | Inicio: SCRAPPING BANCOS PERÚ
00:29:52 | INFO     | ====================
00:29:52 | INFO     | 1. OBTENIENDO CAPA RAW Y SILVER
00:29:52 | INFO     | =======================================================
00:29:52 | INFO     | PIPELINE: EXTRACCIÓN DE TC
00:29:52 | INFO     | BANCO   : BBVA
00:29:52 | INFO     | URL     : https://www.bbva.pe/personas/productos/tarjetas.html
00:29:52 | INFO     | =======================================================
00:29:52 | INFO     | User-Agent seleccionado: Mozilla/5.0 (X11; Ubuntu; Linux x86_64; rv:109.0) Firefox/118.0
00:29:59 | INFO     | Inicio: https://www.bbva.pe/personas/productos/tarjetas.html
00:30:00 | INFO     | Cookies aceptadas
00:30:00 | INFO     | Link capturado: https://www.bbva.pe/personas/productos/tarjetas/credito/visa-cero.html
00:30:00 | INFO     | Link capturado: https://www.bbva.pe/personas/productos/tarjetas/credito/visa-bfree-puntos-vida.html
00:30:00 | INFO     | Link capturado: https://www.bbva.pe/personas/productos/tarjetas/credito/visa-bfree-puntos-vida.html
00:30:00 | INFO     | Link capturado: https://www.bbva.pe/personas/productos/tarjetas/credito/visa-cero.html
00:30:00 | INFO     | Link capturado: https://www.bbva.pe/personas/productos/tarjetas/credito/tarjeta-platinum.html
00:30:00 | INFO     | Link capturado: https://www.bbva.pe/personas/productos/tarjetas/credito/visa-signature-puntos-vida.html
00:30:00 | INFO     | Link capturado: https://www.bbva.pe/personas/productos/tarjetas/credito/visa-infinite-puntos.html
00:30:00 | INFO     | Link capturado: https://www.bbva.pe/personas/productos/tarjetas/credito/mastercard-bfree-puntos-vida.html
00:30:00 | INFO     | Link capturado: https://www.bbva.pe/personas/productos/tarjetas/credito/tarjeta-platinum.html
00:30:00 | INFO     | Link capturado: https://www.bbva.pe/personas/productos/tarjetas/credito/mastercard-black-puntos-vida.html
00:30:02 | INFO     | Procesando [1/7]: mastercard-black-puntos-vida.html
00:30:09 | INFO     | Procesando [2/7]: visa-infinite-puntos.html
00:30:17 | INFO     | Procesando [3/7]: visa-bfree-puntos-vida.html
00:30:24 | INFO     | Procesando [4/7]: visa-signature-puntos-vida.html
00:30:32 | INFO     | Procesando [5/7]: mastercard-bfree-puntos-vida.html
00:30:41 | INFO     | Procesando [6/7]: visa-cero.html
00:30:49 | INFO     | Procesando [7/7]: tarjeta-platinum.html
00:30:58 | INFO     | Tiempo total   : 65.6s
00:30:58 | INFO     | Paginas OK     : 7
00:30:58 | INFO     | Paginas error  : 0
00:30:58 | INFO     | Validación OK: 7 filas, 14 columnas confirmadas.
00:30:58 | INFO     | Estado de validación: OK
00:30:58 | INFO     | Se extrajeron correctamente los datos de BBVA
00:31:01 | INFO     | Driver cerrado
00:31:01 | INFO     | Archivo guardado: ./output/tarjetas_bbva_2026-08-02.parquet
00:31:03 | INFO     | Archivo guardado: ./output/tarjetas_bbva_2026-08-02.xlsx
00:31:03 | INFO     | ============================================================
00:31:03 | INFO     | INICIANDO EXTRACCIÓN - Catalogo BCP
00:31:03 | INFO     | ============================================================
00:31:03 | INFO     | Se procesarán 11 tarjetas...
00:31:03 | INFO     | Procesando [1/11]: tarjeta-io-1
00:31:03 | DEBUG    | OK descargado: https://comparabien.com.pe/producto/tarjetas-credito/tarjeta...
00:31:03 | DEBUG    | Extracción exitosa: Tarjeta iO
00:31:05 | DEBUG    | Pausa de 2.03s completada.
00:31:05 | INFO     | Procesando [2/11]: bcp-american-express-black-bcp-latam-pass
00:31:06 | DEBUG    | OK descargado: https://comparabien.com.pe/producto/tarjetas-credito/bcp-ame...
00:31:06 | DEBUG    | Extracción exitosa: American Express Black LATAM Pass
00:31:08 | DEBUG    | Pausa de 2.10s completada.
00:31:08 | INFO     | Procesando [3/11]: bcp-visa-latam-pass-signature
00:31:09 | DEBUG    | OK descargado: https://comparabien.com.pe/producto/tarjetas-credito/bcp-vis...
00:31:09 | DEBUG    | Extracción exitosa: VISA Signature  LATAM Pass
00:31:11 | DEBUG    | Pausa de 2.07s completada.
00:31:11 | INFO     | Procesando [4/11]: bcp-american-express-latam-pass-platinum
00:31:12 | DEBUG    | OK descargado: https://comparabien.com.pe/producto/tarjetas-credito/bcp-ame...
00:31:12 | DEBUG    | Extracción exitosa: American Express Platinum BCP LATAM Pass
00:31:14 | DEBUG    | Pausa de 2.05s completada.
00:31:14 | INFO     | Procesando [5/11]: bcp-visa-latam-pass-platinum
00:31:14 | DEBUG    | OK descargado: https://comparabien.com.pe/producto/tarjetas-credito/bcp-vis...
00:31:14 | DEBUG    | Extracción exitosa: VISA Platinum  LATAM Pass
00:31:16 | DEBUG    | Pausa de 1.65s completada.
00:31:16 | INFO     | Procesando [6/11]: bcp-american-express-latam-pass-gold
00:31:17 | DEBUG    | OK descargado: https://comparabien.com.pe/producto/tarjetas-credito/bcp-ame...
00:31:17 | DEBUG    | Extracción exitosa: American Express Oro BCP LATAM Pass
00:31:20 | DEBUG    | Pausa de 3.20s completada.
00:31:20 | INFO     | Procesando [7/11]: bcp-visa-latam-pass-oro
00:31:21 | DEBUG    | OK descargado: https://comparabien.com.pe/producto/tarjetas-credito/bcp-vis...
00:31:21 | DEBUG    | Extracción exitosa: VISA Oro  LATAM Pass
00:31:22 | DEBUG    | Pausa de 1.57s completada.
00:31:22 | INFO     | Procesando [8/11]: bcp-american-express-latam-pass-clasica
00:31:23 | DEBUG    | OK descargado: https://comparabien.com.pe/producto/tarjetas-credito/bcp-ame...
00:31:23 | DEBUG    | Extracción exitosa: American Express Clásica BCP LATAM Pass
00:31:25 | DEBUG    | Pausa de 2.49s completada.
00:31:25 | INFO     | Procesando [9/11]: bcp-visa-light
00:31:26 | DEBUG    | OK descargado: https://comparabien.com.pe/producto/tarjetas-credito/bcp-vis...
00:31:26 | DEBUG    | Extracción exitosa: VISA Light
00:31:29 | DEBUG    | Pausa de 3.21s completada.
00:31:29 | INFO     | Procesando [10/11]: bcp-visa-clasica
00:31:30 | DEBUG    | OK descargado: https://comparabien.com.pe/producto/tarjetas-credito/bcp-vis...
00:31:30 | DEBUG    | Extracción exitosa: VISA Clasica
00:31:32 | DEBUG    | Pausa de 2.39s completada.
00:31:32 | INFO     | Procesando [11/11]: bcp-visa-latam-pass-clasica
00:31:33 | DEBUG    | OK descargado: https://comparabien.com.pe/producto/tarjetas-credito/bcp-vis...
00:31:33 | DEBUG    | Extracción exitosa: VISA Clásica  LATAM Pass
00:31:33 | INFO     | ✓ Validación OK: 11 filas, 14 columnas confirmadas.
00:31:33 | INFO     | ============================================================
00:31:33 | INFO     | PROCESO COMPLETADO
00:31:33 | INFO     | Tarjetas extraídas  : 11
00:31:33 | INFO     | Estado Validación   : ✓ OK
00:31:33 | INFO     | Tiempo Total        : 30.4s
00:31:33 | INFO     | ============================================================
00:31:33 | INFO     | Archivo guardado: ./output/tarjetas_bcp_2026-08-02.parquet
00:31:33 | INFO     | Archivo guardado: ./output/tarjetas_bcp_2026-08-02.xlsx
00:32:34 | INFO     | Archivo guardado: ./output/tarjetas_scotiabank_2026-08-02.parquet
00:32:34 | INFO     | Archivo guardado: ./output/tarjetas_scotiabank_2026-08-02.xlsx
00:32:47 | INFO     | Archivo guardado: ./output/tarjetas_banbif_2026-08-02.parquet
00:32:47 | INFO     | Archivo guardado: ./output/tarjetas_banbif_2026-08-02.xlsx
00:32:55 | INFO     | Archivo guardado: ./output/tarjetas_ibk_2026-08-02.parquet
00:32:55 | INFO     | Archivo guardado: ./output/tarjetas_ibk_2026-08-02.xlsx
00:32:55 | INFO     | 2. UNIFICANDO INFORMACIÓN EN LA CAPA GOLD (esquema armonizado)
00:32:55 | INFO     | ✔ Validación GOLD OK: esquema completo y armonizado.
00:32:55 | INFO     | Validación Pandera (capa gold cruda): OK
00:32:55 | ERROR    | Ocurrió un error ("Expected bytes, got a 'float' object", 'Conversion failed for column ratio_acumulacion with type object')
Traceback (most recent call last):
  File "c:\Users\gabyb\OneDrive\Documents\ARQUITECTURA DE BASE DE DATOS\IV CICLO\Segundo Modulo\Lenguaje de ciencia de Datos II\PROYECTO_ver.01\etl_extraccion_informacion_financiera.py", line 94, in <module>
    storage.save(df_gold, {
    ~~~~~~~~~~~~^^^^^^^^^^^
        "parquet": RUTAS["ruta_gold"],
        ^^^^^^^^^^^^^^^^^^^^^^^^^^^^^^
        "excel": RUTAS["ruta_gold_excel"]
        ^^^^^^^^^^^^^^^^^^^^^^^^^^^^^^^^^
    })
    ^^
  File "c:\Users\gabyb\OneDrive\Documents\ARQUITECTURA DE BASE DE DATOS\IV CICLO\Segundo Modulo\Lenguaje de ciencia de Datos II\PROYECTO_ver.01\utils\storage.py", line 21, in save
    df.to_parquet(ruta, index=False, compression="snappy")
    ~~~~~~~~~~~~~^^^^^^^^^^^^^^^^^^^^^^^^^^^^^^^^^^^^^^^^^
  File "C:\Users\gabyb\OneDrive\Documents\ARQUITECTURA DE BASE DE DATOS\IV CICLO\Segundo Modulo\Lenguaje de ciencia de Datos II\PROYECTO_ver.01\.venv\Lib\site-packages\pandas\core\frame.py", line 3135, in to_parquet
    return to_parquet(
        self,
    ...<7 lines>...
        **kwargs,
    )
  File "C:\Users\gabyb\OneDrive\Documents\ARQUITECTURA DE BASE DE DATOS\IV CICLO\Segundo Modulo\Lenguaje de ciencia de Datos II\PROYECTO_ver.01\.venv\Lib\site-packages\pandas\io\parquet.py", line 490, in to_parquet
    impl.write(
    ~~~~~~~~~~^
        df,
        ^^^
    ...<6 lines>...
        **kwargs,
        ^^^^^^^^^
    )
    ^
  File "C:\Users\gabyb\OneDrive\Documents\ARQUITECTURA DE BASE DE DATOS\IV CICLO\Segundo Modulo\Lenguaje de ciencia de Datos II\PROYECTO_ver.01\.venv\Lib\site-packages\pandas\io\parquet.py", line 191, in write
    table = self.api.Table.from_pandas(df, **from_pandas_kwargs)
  File "pyarrow/table.pxi", line 4769, in pyarrow.lib.Table.from_pandas
  File "C:\Users\gabyb\OneDrive\Documents\ARQUITECTURA DE BASE DE DATOS\IV CICLO\Segundo Modulo\Lenguaje de ciencia de Datos II\PROYECTO_ver.01\.venv\Lib\site-packages\pyarrow\pandas_compat.py", line 656, in dataframe_to_arrays
    arrays = [convert_column(c, f)
              ~~~~~~~~~~~~~~^^^^^^
  File "C:\Users\gabyb\OneDrive\Documents\ARQUITECTURA DE BASE DE DATOS\IV CICLO\Segundo Modulo\Lenguaje de ciencia de Datos II\PROYECTO_ver.01\.venv\Lib\site-packages\pyarrow\pandas_compat.py", line 644, in convert_column
    raise e
  File "C:\Users\gabyb\OneDrive\Documents\ARQUITECTURA DE BASE DE DATOS\IV CICLO\Segundo Modulo\Lenguaje de ciencia de Datos II\PROYECTO_ver.01\.venv\Lib\site-packages\pyarrow\pandas_compat.py", line 638, in convert_column
    result = pa.array(col, type=type_, from_pandas=True, safe=safe)
  File "pyarrow/array.pxi", line 408, in pyarrow.lib.array
  File "pyarrow/array.pxi", line 91, in pyarrow.lib._ndarray_to_array
  File "pyarrow/error.pxi", line 92, in pyarrow.lib.check_status
pyarrow.lib.ArrowTypeError: ("Expected bytes, got a 'float' object", 'Conversion failed for column ratio_acumulacion with type object')
00:32:55 | INFO     | SE COMPLETÓ EL PROCESO CORRECTAMENTE
