17:33:17 | INFO     | ====================
17:33:17 | INFO     | Inicio: SCRAPPING BANCOS PERÚ
17:33:17 | INFO     | ====================
17:33:17 | INFO     | 1. OBTENIENDO CAPA RAW Y SILVER
17:33:17 | INFO     | =======================================================
17:33:17 | INFO     | PIPELINE: EXTRACCIÓN DE TC
17:33:17 | INFO     | BANCO   : BBVA
17:33:17 | INFO     | URL     : https://www.bbva.pe/personas/productos/tarjetas.html
17:33:17 | INFO     | =======================================================
17:33:17 | INFO     | User-Agent seleccionado: Mozilla/5.0 (Windows NT 10.0; Win64; x64) Chrome/119.0.0.0 Safari/537.36
17:33:20 | INFO     | Inicio: https://www.bbva.pe/personas/productos/tarjetas.html
17:33:21 | INFO     | Cookies aceptadas
17:33:21 | INFO     | Link capturado: https://www.bbva.pe/personas/productos/tarjetas/credito/visa-cero.html
17:33:21 | INFO     | Link capturado: https://www.bbva.pe/personas/productos/tarjetas/credito/visa-bfree-puntos-vida.html
17:33:21 | INFO     | Link capturado: https://www.bbva.pe/personas/productos/tarjetas/credito/visa-bfree-puntos-vida.html
17:33:21 | INFO     | Link capturado: https://www.bbva.pe/personas/productos/tarjetas/credito/visa-cero.html
17:33:21 | INFO     | Link capturado: https://www.bbva.pe/personas/productos/tarjetas/credito/tarjeta-platinum.html
17:33:21 | INFO     | Link capturado: https://www.bbva.pe/personas/productos/tarjetas/credito/visa-signature-puntos-vida.html
17:33:21 | INFO     | Link capturado: https://www.bbva.pe/personas/productos/tarjetas/credito/visa-infinite-puntos.html
17:33:21 | INFO     | Link capturado: https://www.bbva.pe/personas/productos/tarjetas/credito/mastercard-bfree-puntos-vida.html
17:33:21 | INFO     | Link capturado: https://www.bbva.pe/personas/productos/tarjetas/credito/tarjeta-platinum.html
17:33:21 | INFO     | Link capturado: https://www.bbva.pe/personas/productos/tarjetas/credito/mastercard-black-puntos-vida.html
17:33:23 | INFO     | Procesando [1/7]: visa-signature-puntos-vida.html
17:33:30 | INFO     | Procesando [2/7]: visa-bfree-puntos-vida.html
17:33:38 | INFO     | Procesando [3/7]: visa-cero.html
17:33:46 | INFO     | Procesando [4/7]: visa-infinite-puntos.html
17:33:55 | INFO     | Procesando [5/7]: tarjeta-platinum.html
17:34:03 | INFO     | Procesando [6/7]: mastercard-black-puntos-vida.html
17:34:11 | INFO     | Procesando [7/7]: mastercard-bfree-puntos-vida.html
17:34:19 | INFO     | Tiempo total   : 62.4s
17:34:19 | INFO     | Paginas OK     : 7
17:34:19 | INFO     | Paginas error  : 0
17:34:19 | INFO     | Validación OK: 7 filas, 14 columnas confirmadas.
17:34:19 | INFO     | Estado de validación: OK
17:34:19 | INFO     | Se extrajeron correctamente los datos de BBVA
17:34:21 | INFO     | Driver cerrado
17:34:21 | INFO     | Archivo guardado: ./output/tarjetas_bbva_2026-08-03.parquet
17:34:21 | INFO     | Archivo guardado: ./output/tarjetas_bbva_2026-08-03.xlsx
17:34:21 | INFO     | Iniciando extracción BCP (Capa Silver)...
17:34:26 | INFO     | Cerrando navegador BCP...
17:34:28 | INFO     | Aplicando reglas de negocio, Binning y Normalización (Tema 4)...
17:34:28 | INFO     | Optimizando uso de memoria...
17:34:28 | INFO     | Ejecutando validación de calidad (Pandera)...
17:34:28 | INFO     | ✅ Validación de Pandera superada con éxito para BCP.
17:34:28 | INFO     | Módulo BCP finalizado completamente. Registros: 0
17:34:28 | INFO     | Archivo guardado: ./output/tarjetas_bcp_2026-08-03.parquet
17:34:28 | INFO     | Archivo guardado: ./output/tarjetas_bcp_2026-08-03.xlsx
17:35:33 | INFO     | Archivo guardado: ./output/tarjetas_scotiabank_2026-08-03.parquet
17:35:33 | INFO     | Archivo guardado: ./output/tarjetas_scotiabank_2026-08-03.xlsx
17:35:33 | INFO     | =======================================================
17:35:33 | INFO     | PIPELINE: EXTRACCIÓN DE 3 TC
17:35:33 | INFO     | BANCO   : BANBIF
17:35:33 | INFO     | URL     : https://www.banbif.com.pe/comparador-tarjetas
17:35:33 | INFO     | =======================================================
17:35:33 | INFO     | User-Agent seleccionado: Mozilla/5.0 (X11; Ubuntu; Linux x86_64; rv:109.0) Firefox/118.0
17:35:36 | INFO     | Inicio: https://www.banbif.com.pe/comparador-tarjetas
17:35:37 | INFO     | Cookies aceptadas
17:35:37 | INFO     | Tiempo total   : 4.0s
17:35:37 | INFO     | Paginas OK     : 0
17:35:37 | INFO     | Paginas error  : 0
17:35:37 | INFO     | Validación OK: 3 filas, 14 columnas confirmadas.
17:35:37 | INFO     | Estado de validación: OK
17:35:37 | INFO     | Se extrajeron correctamente los datos de BBVA
17:35:39 | INFO     | Driver cerrado
17:35:39 | INFO     | Archivo guardado: ./output/tarjetas_banbif_2026-08-03.parquet
17:35:39 | INFO     | Archivo guardado: ./output/tarjetas_banbif_2026-08-03.xlsx
17:35:45 | INFO     | Archivo guardado: ./output/tarjetas_ibk_2026-08-03.parquet
17:35:46 | INFO     | Archivo guardado: ./output/tarjetas_ibk_2026-08-03.xlsx
17:35:46 | INFO     | 2. UNIFICANDO INFORMACIÓN EN LA CAPA GOLD (esquema armonizado)
17:35:46 | INFO     | ✔ Validación GOLD OK: esquema completo y armonizado. (43 filas)
17:35:46 | INFO     | Validación Pandera (capa gold cruda): OK
17:35:46 | INFO     | Archivo guardado: ./output/tarjetas_gold_2026-08-03.parquet
17:35:46 | INFO     | Archivo guardado: ./output/tarjetas_gold_2026-08-03.xlsx
17:35:46 | INFO     | 3. TEMA 4: ENRIQUECIMIENTO, NORMALIZACIÓN Y OPTIMIZACIÓN
17:35:46 | INFO     | ✅ Validación GOLD enriquecida OK: 43 filas, 35 columnas
17:35:46 | INFO     | 📋 Columnas disponibles: ['banco', 'tarjeta_nombre', 'marca', 'categoria', 'tea_soles_min', 'tea_soles_max', 'membresia_anual', 'requisito_exoneracion_membresia', 'programa_recompensas', 'ratio_acumulacion', 'seguro_desgravamen_mensual', 'ingreso_minimo_requerido', 'bono_bienvenida', 'fecha_scraping', 'url_origen', 'tea_promedio', 'rango_tea', 'costo_anual_base', 'consumo_minimo_exoneracion_soles', 'exonera_por_consumo', 'tiene_programa_recompensas', 'nivel_categoria', 'tea_promedio_del_banco', 'membresia_promedio_del_banco', 'num_tarjetas_del_banco', 'ingreso_min_promedio_categoria', 'tea_vs_promedio_banco', 'tea_max_bin', 'ingreso_minimo_bin', 'membresia_bin', 'tea_soles_min_zscore', 'tea_soles_max_zscore', 'tea_promedio_zscore', 'membresia_anual_minmax', 'ingreso_minimo_requerido_robust']
17:35:46 | INFO     | 📊 Columnas numéricas encontradas: 21
17:35:46 | INFO     |    tea_soles_min: media=30.42, min=19.99, max=99.99
17:35:46 | INFO     |    tea_soles_max: media=105.30, min=54.99, max=112.98
17:35:46 | INFO     |    membresia_anual: media=231.80, min=0.00, max=594.00
17:35:46 | INFO     |    seguro_desgravamen_mensual: media=4.44, min=0.34, max=9.90
17:35:46 | INFO     |    ingreso_minimo_requerido: media=4881.25, min=600.00, max=12000.00
17:35:46 | INFO     | Validación Pandera (capa gold enriquecida): OK
17:35:46 | INFO     | Archivo guardado: ./output/tarjetas_gold_features_2026-08-03.parquet
17:35:46 | INFO     | Archivo guardado: ./output/tarjetas_gold_features_2026-08-03.xlsx
17:35:46 | INFO     | 4. EXPORTANDO ARCHIVO FINAL
17:35:46 | INFO     | SE COMPLETÓ EL PROCESO CORRECTAMENTE
17:35:46 | INFO     | ✔ Validación GOLD OK: esquema completo y armonizado. (43 filas)
17:35:46 | INFO     | ✅ Validación Pandera (capa gold cruda): OK
17:35:46 | INFO     | ✅ Validación GOLD enriquecida OK: 43 filas, 35 columnas
17:35:46 | INFO     | 📋 Columnas disponibles: ['banco', 'tarjeta_nombre', 'marca', 'categoria', 'tea_soles_min', 'tea_soles_max', 'membresia_anual', 'requisito_exoneracion_membresia', 'programa_recompensas', 'ratio_acumulacion', 'seguro_desgravamen_mensual', 'ingreso_minimo_requerido', 'bono_bienvenida', 'fecha_scraping', 'url_origen', 'tea_promedio', 'rango_tea', 'costo_anual_base', 'consumo_minimo_exoneracion_soles', 'exonera_por_consumo', 'tiene_programa_recompensas', 'nivel_categoria', 'tea_promedio_del_banco', 'membresia_promedio_del_banco', 'num_tarjetas_del_banco', 'ingreso_min_promedio_categoria', 'tea_vs_promedio_banco', 'tea_max_bin', 'ingreso_minimo_bin', 'membresia_bin', 'tea_soles_min_zscore', 'tea_soles_max_zscore', 'tea_promedio_zscore', 'membresia_anual_minmax', 'ingreso_minimo_requerido_robust']
17:35:46 | INFO     | 📊 Columnas numéricas encontradas: 21
17:35:46 | INFO     |    tea_soles_min: media=30.42, min=19.99, max=99.99
17:35:46 | INFO     |    tea_soles_max: media=105.30, min=54.99, max=112.98
17:35:46 | INFO     |    membresia_anual: media=231.80, min=0.00, max=594.00
17:35:46 | INFO     |    seguro_desgravamen_mensual: media=4.44, min=0.34, max=9.90
17:35:46 | INFO     |    ingreso_minimo_requerido: media=4881.25, min=600.00, max=12000.00
17:35:46 | INFO     | ✅ Validación Pandera (capa gold enriquecida): OK
17:35:46 | INFO     | 
============================================================
REPORTE DE VALIDACIÓN DE DATOS
============================================================
Total de registros: 43
Total de columnas: 35
Memoria utilizada: 0.01 MB

📋 COLUMNAS PRESENTES:
  - banco: category, 0 nulos, 4 valores únicos
  - tarjeta_nombre: string, 0 nulos, 42 valores únicos
  - marca: category, 11 nulos, 3 valores únicos
  - categoria: category, 22 nulos, 10 valores únicos
  - tea_soles_min: float32, 13 nulos, 8 valores únicos
  - tea_soles_max: float32, 15 nulos, 7 valores únicos
  - membresia_anual: float32, 0 nulos, 19 valores únicos
  - requisito_exoneracion_membresia: string, 36 nulos, 5 valores únicos
  - programa_recompensas: string, 21 nulos, 2 valores únicos
  - ratio_acumulacion: string, 32 nulos, 3 valores únicos
  - seguro_desgravamen_mensual: float32, 11 nulos, 9 valores únicos
  - ingreso_minimo_requerido: float32, 11 nulos, 11 valores únicos
  - bono_bienvenida: float32, 32 nulos, 3 valores únicos
  - fecha_scraping: string, 0 nulos, 10 valores únicos
  - url_origen: string, 0 nulos, 40 valores únicos
  - tea_promedio: float32, 13 nulos, 11 valores únicos
  - rango_tea: float32, 15 nulos, 8 valores únicos
  - costo_anual_base: float32, 0 nulos, 28 valores únicos
  - consumo_minimo_exoneracion_soles: Float32, 43 nulos, 0 valores únicos
  - exonera_por_consumo: boolean, 0 nulos, 1 valores únicos
  - tiene_programa_recompensas: boolean, 0 nulos, 2 valores únicos
  - nivel_categoria: Int8, 22 nulos, 4 valores únicos
  - tea_promedio_del_banco: float32, 11 nulos, 3 valores únicos
  - membresia_promedio_del_banco: float32, 0 nulos, 4 valores únicos
  - num_tarjetas_del_banco: int8, 0 nulos, 4 valores únicos
  - ingreso_min_promedio_categoria: float32, 33 nulos, 7 valores únicos
  - tea_vs_promedio_banco: float32, 13 nulos, 11 valores únicos
  - tea_max_bin: category, 15 nulos, 4 valores únicos
  - ingreso_minimo_bin: category, 11 nulos, 4 valores únicos
  - membresia_bin: category, 0 nulos, 4 valores únicos
  - tea_soles_min_zscore: float64, 15 nulos, 7 valores únicos
  - tea_soles_max_zscore: float64, 15 nulos, 7 valores únicos
  - tea_promedio_zscore: float64, 15 nulos, 9 valores únicos
  - membresia_anual_minmax: float64, 0 nulos, 19 valores únicos
  - ingreso_minimo_requerido_robust: float64, 11 nulos, 11 valores únicos

🏦 DISTRIBUCIÓN POR BANCO:
  - SCOTIABANK: 22 tarjetas
  - INTERBANK: 11 tarjetas
  - BBVA: 7 tarjetas
  - BANBIF: 3 tarjetas

📊 ESTADÍSTICAS DE TEA SOLES:
  - Mínimo: 19.99%
  - Máximo: 112.98%
  - Promedio (min): 30.42%
  - Promedio (max): 105.30%

============================================================
✅ VALIDACIÓN COMPLETADA
17:35:46 | INFO     | 📊 Resumen del dataset: {'total_registros': 43, 'total_columnas': 35, 'memoria_uso_mb': np.float64(0.012790679931640625), 'bancos': ['BBVA', 'SCOTIABANK', 'BANBIF', 'INTERBANK'], 'total_bancos': 4, 'distribucion_bancos': {'SCOTIABANK': 22, 'INTERBANK': 11, 'BBVA': 7, 'BANBIF': 3}, 'categorias': ['Signature', 'Bfree', 'Visa Cero', 'Visa Infinite', 'Platinum', 'Black', <NA>, 'Clásica', 'Oro', 'Amex - Millas Benefit', 'Visa - Millas Benefit'], 'total_categorias': 11, 'tea_soles_min': {'media': np.float32(30.424), 'min': np.float32(19.99), 'max': np.float32(99.99), 'mediana': np.float32(19.99), 'std': np.float32(21.078188)}, 'tea_soles_max': {'media': np.float32(105.303215), 'min': np.float32(54.99), 'max': np.float32(112.98), 'mediana': np.float32(111.405), 'std': np.float32(14.501284)}, 'membresia_anual': {'media': np.float32(231.79767), 'min': np.float32(0.0), 'max': np.float32(594.0), 'mediana': np.float32(199.0)}, 'valores_nulos': {'marca': 11, 'categoria': 22, 'tea_soles_min': 13, 'tea_soles_max': 15, 'requisito_exoneracion_membresia': 36, 'programa_recompensas': 21, 'ratio_acumulacion': 32, 'seguro_desgravamen_mensual': 11, 'ingreso_minimo_requerido': 11, 'bono_bienvenida': 32, 'tea_promedio': 13, 'rango_tea': 15, 'consumo_minimo_exoneracion_soles': 43, 'nivel_categoria': 22, 'tea_promedio_del_banco': 11, 'ingreso_min_promedio_categoria': 33, 'tea_vs_promedio_banco': 13, 'tea_max_bin': 15, 'ingreso_minimo_bin': 11, 'tea_soles_min_zscore': 15, 'tea_soles_max_zscore': 15, 'tea_promedio_zscore': 15, 'ingreso_minimo_requerido_robust': 11}}
